******************************************************************************
                  TI ARM Linker PC v20.2.7                     
******************************************************************************
>> Linked Sat Feb 10 22:34:05 2024

OUTPUT FILE NAME:   <AUTOSAR_PORT_WS.out>
ENTRY POINT SYMBOL: "_c_int00_noargs"  address: 00001085


MEMORY CONFIGURATION

         name            origin    length      used     unused   attr    fill
----------------------  --------  ---------  --------  --------  ----  --------
  FLASH                 00000000   00040000  0000127a  0003ed86  R  X
  SRAM                  20000000   00008000  0000020b  00007df5  RW X


SEGMENT ALLOCATION MAP

run origin  load origin   length   init length attrs members
----------  ----------- ---------- ----------- ----- -------
00000000    00000000    00001280   00001280    r-x
  00000000    00000000    0000026c   0000026c    r-- .intvecs
  0000026c    0000026c    00000e9e   00000e9e    r-x .text
  0000110a    0000110a    00000158   00000158    r-- .const
  00001268    00001268    00000018   00000018    r-- .cinit
20000000    20000000    0000020b   00000000    rw-
  20000000    20000000    00000200   00000000    rw- .stack
  20000200    20000200    0000000b   00000000    rw- .data


SECTION ALLOCATION MAP

 output                                  attributes/
section   page    origin      length       input sections
--------  ----  ----------  ----------   ----------------
.intvecs   0    00000000    0000026c     
                  00000000    0000026c     tm4c123gh6pm_startup_ccs.obj (.intvecs)

.text      0    0000026c    00000e9e     
                  0000026c    00000c84     Port.obj (.text)
                  00000ef0    0000009c     rtsv7M4_T_le_v4SPD16_eabi.lib : memcpy_t2.asm.obj (.text)
                  00000f8c    00000068                                   : copy_decompress_lzss.c.obj (.text:decompress:lzss:__TI_decompress_lzss)
                  00000ff4    0000004c     Det.obj (.text)
                  00001040    00000044     rtsv7M4_T_le_v4SPD16_eabi.lib : autoinit.c.obj (.text:__TI_auto_init_nobinit_nopinit:__TI_auto_init_nobinit_nopinit)
                  00001084    00000034                                   : boot_cortex_m.c.obj (.text:_c_int00_noargs:_c_int00_noargs)
                  000010b8    00000020     Mcu.obj (.text)
                  000010d8    00000010     main.obj (.text)
                  000010e8    0000000e     rtsv7M4_T_le_v4SPD16_eabi.lib : copy_decompress_none.c.obj (.text:decompress:none:__TI_decompress_none)
                  000010f6    0000000c     tm4c123gh6pm_startup_ccs.obj (.text)
                  00001102    00000004     rtsv7M4_T_le_v4SPD16_eabi.lib : pre_init.c.obj (.text:_system_pre_init)
                  00001106    00000004                                   : exit.c.obj (.text:abort:abort)

.const     0    0000110a    00000158     
                  0000110a    00000158     PortPBcfg.obj (.const:Port_Configuration)

.cinit     0    00001268    00000018     
                  00001268    00000008     (__TI_handler_table)
                  00001270    00000007     (.cinit..data.load) [load image, compression = lzss]
                  00001277    00000001     --HOLE-- [fill = 0]
                  00001278    00000008     (__TI_cinit_table)

.init_array 
*          0    00000000    00000000     UNINITIALIZED

.data      0    20000200    0000000b     UNINITIALIZED
                  20000200    00000006     Port.obj (.data)
                  20000206    00000005     Det.obj (.data)

.stack     0    20000000    00000200     UNINITIALIZED
                  20000000    00000004     rtsv7M4_T_le_v4SPD16_eabi.lib : boot_cortex_m.c.obj (.stack)
                  20000004    000001fc     --HOLE--

__llvm_prf_cnts 
*          0    20000000    00000000     UNINITIALIZED

MODULE SUMMARY

       Module                         code   ro data   rw data
       ------                         ----   -------   -------
    .\
       Port.obj                       3204   0         6      
       tm4c123gh6pm_startup_ccs.obj   12     620       0      
       PortPBcfg.obj                  0      344       0      
       Det.obj                        76     0         5      
       Mcu.obj                        32     0         0      
       main.obj                       16     0         0      
    +--+------------------------------+------+---------+---------+
       Total:                         3340   964       11     
                                                              
    C:\ti\ccs1250\ccs\tools\compiler\ti-cgt-arm_20.2.7.LTS\lib\rtsv7M4_T_le_v4SPD16_eabi.lib
       memcpy_t2.asm.obj              156    0         0      
       copy_decompress_lzss.c.obj     104    0         0      
       autoinit.c.obj                 68     0         0      
       boot_cortex_m.c.obj            52     0         0      
       copy_decompress_none.c.obj     14     0         0      
       exit.c.obj                     4      0         0      
       pre_init.c.obj                 4      0         0      
    +--+------------------------------+------+---------+---------+
       Total:                         402    0         0      
                                                              
       Stack:                         0      0         512    
       Linker Generated:              0      23        0      
    +--+------------------------------+------+---------+---------+
       Grand Total:                   3742   987       523    


LINKER GENERATED COPY TABLES

__TI_cinit_table @ 00001278 records: 1, size/record: 8, table size: 8
	.data: load addr=00001270, load size=00000007 bytes, run addr=20000200, run size=0000000b bytes, compression=lzss


LINKER GENERATED HANDLER TABLE

__TI_handler_table @ 00001268 records: 2, size/record: 4, table size: 8
	index: 0, handler: __TI_decompress_lzss
	index: 1, handler: __TI_decompress_none


GLOBAL SYMBOLS: SORTED ALPHABETICALLY BY Name 

address   name                          
-------   ----                          
00001107  C$$EXIT                       
20000209  Det_ApiId                     
2000020a  Det_ErrorId                   
20000208  Det_InstanceId                
20000206  Det_ModuleId                  
00000ff5  Det_ReportError               
000010b9  Mcu_Init                      
00000b31  PORT_GetVersionInfo           
0000110a  Port_Configuration            
0000026d  Port_Init                     
00000899  Port_RefreshPortDirection     
000006b1  Port_SetPinDirection          
00000b89  Port_SetPinMode               
000010f7  ResetISR                      
20000200  __STACK_END                   
00000200  __STACK_SIZE                  
20000200  __STACK_TOP                   
00001278  __TI_CINIT_Base               
00001280  __TI_CINIT_Limit              
00001268  __TI_Handler_Table_Base       
00001270  __TI_Handler_Table_Limit      
00001041  __TI_auto_init_nobinit_nopinit
00000f8d  __TI_decompress_lzss          
000010e9  __TI_decompress_none          
ffffffff  __TI_pprof_out_hndl           
ffffffff  __TI_prof_data_size           
ffffffff  __TI_prof_data_start          
00000000  __TI_static_base__            
00000ef1  __aeabi_memcpy                
00000ef1  __aeabi_memcpy4               
00000ef1  __aeabi_memcpy8               
ffffffff  __binit__                     
ffffffff  __c_args__                    
UNDEFED   __mpu_init                    
20000000  __stack                       
20000000  __start___llvm_prf_cnts       
20000000  __stop___llvm_prf_cnts        
00001085  _c_int00_noargs               
UNDEFED   _system_post_cinit            
00001103  _system_pre_init              
00001107  abort                         
ffffffff  binit                         
00000000  g_pfnVectors                  
000010d9  main                          
00000ef1  memcpy                        


GLOBAL SYMBOLS: SORTED BY Symbol Address 

address   name                          
-------   ----                          
00000000  __TI_static_base__            
00000000  g_pfnVectors                  
00000200  __STACK_SIZE                  
0000026d  Port_Init                     
000006b1  Port_SetPinDirection          
00000899  Port_RefreshPortDirection     
00000b31  PORT_GetVersionInfo           
00000b89  Port_SetPinMode               
00000ef1  __aeabi_memcpy                
00000ef1  __aeabi_memcpy4               
00000ef1  __aeabi_memcpy8               
00000ef1  memcpy                        
00000f8d  __TI_decompress_lzss          
00000ff5  Det_ReportError               
00001041  __TI_auto_init_nobinit_nopinit
00001085  _c_int00_noargs               
000010b9  Mcu_Init                      
000010d9  main                          
000010e9  __TI_decompress_none          
000010f7  ResetISR                      
00001103  _system_pre_init              
00001107  C$$EXIT                       
00001107  abort                         
0000110a  Port_Configuration            
00001268  __TI_Handler_Table_Base       
00001270  __TI_Handler_Table_Limit      
00001278  __TI_CINIT_Base               
00001280  __TI_CINIT_Limit              
20000000  __stack                       
20000000  __start___llvm_prf_cnts       
20000000  __stop___llvm_prf_cnts        
20000200  __STACK_END                   
20000200  __STACK_TOP                   
20000206  Det_ModuleId                  
20000208  Det_InstanceId                
20000209  Det_ApiId                     
2000020a  Det_ErrorId                   
ffffffff  __TI_pprof_out_hndl           
ffffffff  __TI_prof_data_size           
ffffffff  __TI_prof_data_start          
ffffffff  __binit__                     
ffffffff  __c_args__                    
ffffffff  binit                         
UNDEFED   __mpu_init                    
UNDEFED   _system_post_cinit            

[45 symbols]
